// Jest Snapshot v1, https://goo.gl/fbAQLP

exports[`ProdutInformation Should match snapshots 1`] = `
<DocumentFragment>
  <div
    class="css-1b6n4o1"
  >
    <div
      class="css-13mgw31"
    >
      <h2
        class="css-1i5vpt6"
        data-testid="title-beer1"
      >
        Beer!
      </h2>
      <span
        class="css-1uqan7e"
        data-testid="price-beer1"
      >
        Â£1.00
      </span>
    </div>
    <p
      class="css-18oyjk9"
      data-testid="description-beer1"
    >
      Nice German beverage
    </p>
  </div>
</DocumentFragment>
`;
